
The transition like this - 12 should not glue 'ab' in the source together.
Really.
